// Jest Snapshot v1, https://goo.gl/fbAQLP

exports[`App loads and menu works App page functionality Should remove an item 1`] = `
<ul
  class="menu-preview"
>
  <li
    class="item"
  >
    <h2>
      Kale Caesar Pasta, Turmeric Satay Broccoli & Lemon Cashew Greens
    </h2>
    <p>
      <span
        class="dietary"
      >
        v
      </span>
      <span
        class="dietary"
      >
        ve
      </span>
      <span
        class="dietary"
      >
        df
      </span>
      <span
        class="dietary"
      >
        gf
      </span>
      <span
        class="dietary"
      >
        n!
      </span>
    </p>
    <button
      class="remove-item"
      type="button"
    >
      x
    </button>
  </li>
  <li
    class="item"
  >
    <h2>
      Dill & Swiss Chard Potato Cakes, Summer Tabbouleh & Roasted Roots
    </h2>
    <p>
      <span
        class="dietary"
      >
        gf
      </span>
      <span
        class="dietary"
      >
        df
      </span>
      <span
        class="dietary"
      >
        v
      </span>
      <span
        class="dietary"
      >
        ve
      </span>
      <span
        class="dietary"
      >
        n!
      </span>
    </p>
    <button
      class="remove-item"
      type="button"
    >
      x
    </button>
  </li>
  <li
    class="item"
  >
    <h2>
      Hake & Smoky Chickpeas, Herby Potatoes & Turmeric Satay Broccoli
    </h2>
    <p>
      <span
        class="dietary"
      >
        df
      </span>
      <span
        class="dietary"
      >
        gf
      </span>
      <span
        class="dietary"
      >
        rsf
      </span>
      <span
        class="dietary"
      >
        n!
      </span>
    </p>
    <button
      class="remove-item"
      type="button"
    >
      x
    </button>
  </li>
</ul>
`;

exports[`App loads and menu works Homepage matches snapshot 1`] = `
<div
  class="wrapper"
>
  <div
    class="menu-summary"
  >
    <div
      class="container"
    >
      <div
        class="row"
      >
        <div
          class="col-6 menu-summary-left"
        >
          <span
            class="count"
          >
            0 items
          </span>
        </div>
        <div
          class="col-6 menu-summary-right"
        />
      </div>
    </div>
  </div>
  <div
    class="container menu-builder"
  >
    <div
      class="row"
    >
      <div
        class="col-4"
      >
        <div
          class="filters"
        >
          <input
            class="form-control"
            placeholder="Name"
            value=""
          />
        </div>
        <ul
          class="item-picker"
        >
          <li
            class="item"
          >
            <h2>
              Kale Caesar Pasta, Turmeric Satay Broccoli & Lemon Cashew Greens
            </h2>
            <p>
              <span
                class="dietary"
              >
                v
              </span>
              <span
                class="dietary"
              >
                ve
              </span>
              <span
                class="dietary"
              >
                df
              </span>
              <span
                class="dietary"
              >
                gf
              </span>
              <span
                class="dietary"
              >
                n!
              </span>
            </p>
          </li>
          <li
            class="item"
          >
            <h2>
              Hake & Smoky Chickpeas, Brown Rice & Quinoa, Roasted Roots
            </h2>
            <p>
              <span
                class="dietary"
              >
                gf
              </span>
              <span
                class="dietary"
              >
                df
              </span>
              <span
                class="dietary"
              >
                rsf
              </span>
            </p>
          </li>
          <li
            class="item"
          >
            <h2>
              Dill & Swiss Chard Potato Cakes, Summer Tabbouleh & Roasted Roots
            </h2>
            <p>
              <span
                class="dietary"
              >
                gf
              </span>
              <span
                class="dietary"
              >
                df
              </span>
              <span
                class="dietary"
              >
                v
              </span>
              <span
                class="dietary"
              >
                ve
              </span>
              <span
                class="dietary"
              >
                n!
              </span>
            </p>
          </li>
          <li
            class="item"
          >
            <h2>
              Hake & Smoky Chickpeas, Herby Potatoes & Turmeric Satay Broccoli
            </h2>
            <p>
              <span
                class="dietary"
              >
                df
              </span>
              <span
                class="dietary"
              >
                gf
              </span>
              <span
                class="dietary"
              >
                rsf
              </span>
              <span
                class="dietary"
              >
                n!
              </span>
            </p>
          </li>
          <li
            class="item"
          >
            <h2>
              Cuban Beef, Brown Rice & Quinoa, Green Pepper & Butterbean Salad
            </h2>
            <p>
              <span
                class="dietary"
              >
                gf
              </span>
              <span
                class="dietary"
              >
                df
              </span>
            </p>
          </li>
          <li
            class="item"
          >
            <h2>
              Thai Chicken, Brown Rice & Quinoa, Lemon & Cashew Greens
            </h2>
            <p>
              <span
                class="dietary"
              >
                gf
              </span>
              <span
                class="dietary"
              >
                df
              </span>
              <span
                class="dietary"
              >
                rsf
              </span>
              <span
                class="dietary"
              >
                n!
              </span>
            </p>
          </li>
          <li
            class="item"
          >
            <h2>
              Cuban Beef, Herby Potatoes & Turmeric Satay Broccoli
            </h2>
            <p>
              <span
                class="dietary"
              >
                gf
              </span>
              <span
                class="dietary"
              >
                df
              </span>
              <span
                class="dietary"
              >
                n!
              </span>
            </p>
          </li>
          <li
            class="item"
          >
            <h2>
              Thai Chicken, Brown Rice & Quinoa & Turmeric Satay Broccolli
            </h2>
            <p>
              <span
                class="dietary"
              >
                gf
              </span>
              <span
                class="dietary"
              >
                df
              </span>
              <span
                class="dietary"
              >
                rsf
              </span>
              <span
                class="dietary"
              >
                n!
              </span>
            </p>
          </li>
          <li
            class="item"
          >
            <h2>
              Mackerel Salad Box
            </h2>
            <p>
              <span
                class="dietary"
              >
                gf
              </span>
              <span
                class="dietary"
              >
                df
              </span>
            </p>
          </li>
          <li
            class="item"
          >
            <h2>
              Pasta Salad Box
            </h2>
            <p>
              <span
                class="dietary"
              >
                ve
              </span>
              <span
                class="dietary"
              >
                v
              </span>
              <span
                class="dietary"
              >
                gf
              </span>
              <span
                class="dietary"
              >
                df
              </span>
            </p>
          </li>
          <li
            class="item"
          >
            <h2>
              Tuna Salad Box
            </h2>
            <p />
          </li>
          <li
            class="item"
          >
            <h2>
              Coconut Blondie with Dark Chocolate
            </h2>
            <p>
              <span
                class="dietary"
              >
                gf
              </span>
              <span
                class="dietary"
              >
                v
              </span>
            </p>
          </li>
          <li
            class="item"
          >
            <h2>
              Cinnamon Swirl Muffin
            </h2>
            <p>
              <span
                class="dietary"
              >
                gf
              </span>
              <span
                class="dietary"
              >
                df
              </span>
            </p>
          </li>
          <li
            class="item"
          >
            <h2>
              Apple, Date and Walnut Muffin
            </h2>
            <p>
              <span
                class="dietary"
              >
                df
              </span>
              <span
                class="dietary"
              >
                gf
              </span>
              <span
                class="dietary"
              >
                n!
              </span>
              <span
                class="dietary"
              >
                v
              </span>
            </p>
          </li>
          <li
            class="item"
          >
            <h2>
              Blueberry and Banana Muffin
            </h2>
            <p>
              <span
                class="dietary"
              >
                v
              </span>
              <span
                class="dietary"
              >
                df
              </span>
              <span
                class="dietary"
              >
                gf
              </span>
            </p>
          </li>
          <li
            class="item"
          >
            <h2>
              Ombar Chocolate Bar - Dark 72%
            </h2>
            <p>
              <span
                class="dietary"
              >
                df
              </span>
              <span
                class="dietary"
              >
                ve
              </span>
              <span
                class="dietary"
              >
                gf
              </span>
            </p>
          </li>
          <li
            class="item"
          >
            <h2>
              Ombar Bar - Milk
            </h2>
            <p>
              <span
                class="dietary"
              >
                ve
              </span>
              <span
                class="dietary"
              >
                gf
              </span>
            </p>
          </li>
          <li
            class="item"
          >
            <h2>
              Dark Chocolate Brownie
            </h2>
            <p>
              <span
                class="dietary"
              >
                v
              </span>
              <span
                class="dietary"
              >
                gf
              </span>
            </p>
          </li>
          <li
            class="item"
          >
            <h2>
              Mangajo Pomegranate
            </h2>
            <p>
              <span
                class="dietary"
              >
                ve
              </span>
              <span
                class="dietary"
              >
                df
              </span>
              <span
                class="dietary"
              >
                gf
              </span>
            </p>
          </li>
          <li
            class="item"
          >
            <h2>
              Mangajo Acai
            </h2>
            <p>
              <span
                class="dietary"
              >
                ve
              </span>
              <span
                class="dietary"
              >
                v
              </span>
              <span
                class="dietary"
              >
                gf
              </span>
            </p>
          </li>
        </ul>
      </div>
      <div
        class="col-8"
      >
        <h2>
          Menu preview
        </h2>
        <ul
          class="menu-preview"
        />
      </div>
    </div>
  </div>
</div>
`;
