// Jest Snapshot v1, https://goo.gl/fbAQLP

exports[`Filters component Filters should match snapshot 1`] = `
<div
  className="filters"
>
  <input
    className="form-control"
    onChange={[Function]}
    placeholder="Name"
    value="Quinoa"
  />
</div>
`;
